// Jest Snapshot v1, https://goo.gl/fbAQLP

exports[`Loader renders correctly 1`] = `
<div
  className="Loader"
>
  <div
    className="Loader__Content"
  >
    <div
      className="spinner"
    />
    quiz is loading please wait ....
  </div>
</div>
`;
